---
source: crates/portfolio-engine/tests/goldens.rs
assertion_line: 34
---
as_of: 2025-01-04
base_currency: USD
baseline:
  accounts:
    acc-a:
      currency: USD
      disposals:
        - activity_id: out-1
          asset_id: x
          cost_basis: "100"
          cost_basis_base: "100"
          currency: USD
          date: 2025-01-03
          fx_rate_to_base: "1"
          id: "out-1:buy-1:0"
          lot_id: buy-1
          proceeds: "100"
          proceeds_base: "100"
          quantity: "10"
          realized_pnl: "0"
          realized_pnl_base: "0"
      flows:
        - date: 2025-01-03
          inflow_base: "0"
          outflow_base: "100"
          source: REMOVED_LOT_BASIS_FALLBACK
      keyframes:
        - cash:
            USD: "1000"
          cash_total_account_currency: "1000"
          cash_total_base_currency: "1000"
          cost_basis: "0"
          date: 2025-01-01
          net_contribution: "1000"
          net_contribution_base: "1000"
          positions: {}
          source: CALCULATED
        - cash:
            USD: "900"
          cash_total_account_currency: "900"
          cash_total_base_currency: "900"
          cost_basis: "100"
          date: 2025-01-02
          net_contribution: "1000"
          net_contribution_base: "1000"
          positions:
            x:
              average_cost: "10"
              contract_multiplier: "1"
              cost_basis_account: "100"
              cost_basis_base: "100"
              currency: USD
              is_alternative: false
              quantity: "10"
              total_cost_basis: "100"
          source: CALCULATED
        - cash:
            USD: "900"
          cash_total_account_currency: "900"
          cash_total_base_currency: "900"
          cost_basis: "0"
          date: 2025-01-03
          net_contribution: "900"
          net_contribution_base: "900"
          positions:
            x:
              average_cost: "0"
              contract_multiplier: "1"
              cost_basis_account: ~
              cost_basis_base: ~
              currency: USD
              is_alternative: false
              quantity: "0"
              total_cost_basis: "0"
          source: CALCULATED
      lots:
        - asset_id: x
          base_currency: USD
          close_activity_id: out-1
          close_date: 2025-01-03
          cost_per_unit: "10"
          currency: USD
          fee_allocated: "0"
          fee_allocated_base: "0"
          fx_rate_to_account: ~
          fx_rate_to_base: "1"
          id: buy-1
          is_closed: true
          open_activity_id: buy-1
          open_date: 2025-01-02
          original_cost_basis: "100"
          original_cost_basis_base: "100"
          original_quantity: "10"
          remaining_cost_basis: "0"
          remaining_cost_basis_base: "0"
          remaining_quantity: "0"
          split_ratio: "1"
          tax_allocated: "0"
          tax_allocated_base: "0"
      performance:
        all_time:
          attribution:
            contributions: "1000"
            distributions: "100"
            fees: "0"
            fx_effect: "0"
            income: "0"
            realized_pnl: "0"
            residual: "0"
            taxes: "0"
            unrealized_pnl_change: "0"
          basis_status: notApplicable
          is_holdings_mode: false
          is_mixed_tracking_mode: false
          method: timeWeighted
          period_end: 2025-01-04
          period_start: 2025-01-01
          quality: partial
          returns:
            annualized_irr: "0"
            annualized_twr: ~
            annualized_value_return: ~
            irr: "0"
            twr: "0"
            value_return: "0"
          risk:
            drawdown_duration_days: 2
            max_drawdown: "-0.1"
            peak_date: 2025-01-01
            recovery_date: 2025-01-03
            trough_date: 2025-01-02
            volatility: "2.01359906"
          series:
            - date: 2025-01-01
              value: "0"
            - date: 2025-01-02
              value: "-0.1"
            - date: 2025-01-03
              value: "0"
            - date: 2025-01-04
              value: "0"
          summary:
            amount: "0"
            amount_status: complete
            basis: marketValue
            basis_status: notApplicable
            method: timeWeighted
            percent: "0"
            percent_status: complete
            quality: partial
      tracking_mode: TRANSACTIONS
      valuations:
        - basis_status: notApplicable
          book_basis: "1000"
          book_basis_base: "1000"
          cash_balance: "1000"
          cash_balance_base: "1000"
          cost_basis: "0"
          cost_basis_base: "0"
          date: 2025-01-01
          external_flow_source: NO_FLOW
          external_inflow_base: "0"
          external_outflow_base: "0"
          fx_rate_to_base: "1"
          investment_market_value: "0"
          investment_market_value_base: "0"
          net_contribution: "1000"
          net_contribution_base: "1000"
          performance_eligible_value_base: "1000"
          total_value: "1000"
          total_value_base: "1000"
          value_status: complete
        - basis_status: complete
          book_basis: "1000"
          book_basis_base: "1000"
          cash_balance: "900"
          cash_balance_base: "900"
          cost_basis: "100"
          cost_basis_base: "100"
          date: 2025-01-02
          external_flow_source: NO_FLOW
          external_inflow_base: "0"
          external_outflow_base: "0"
          fx_rate_to_base: "1"
          investment_market_value: "0"
          investment_market_value_base: "0"
          net_contribution: "1000"
          net_contribution_base: "1000"
          performance_eligible_value_base: "900"
          total_value: "900"
          total_value_base: "900"
          value_status: partialUnpriced
        - basis_status: notApplicable
          book_basis: "900"
          book_basis_base: "900"
          cash_balance: "900"
          cash_balance_base: "900"
          cost_basis: "0"
          cost_basis_base: "0"
          date: 2025-01-03
          external_flow_source: REMOVED_LOT_BASIS_FALLBACK
          external_inflow_base: "0"
          external_outflow_base: "100"
          fx_rate_to_base: "1"
          investment_market_value: "0"
          investment_market_value_base: "0"
          net_contribution: "900"
          net_contribution_base: "900"
          performance_eligible_value_base: "900"
          total_value: "900"
          total_value_base: "900"
          value_status: complete
        - basis_status: notApplicable
          book_basis: "900"
          book_basis_base: "900"
          cash_balance: "900"
          cash_balance_base: "900"
          cost_basis: "0"
          cost_basis_base: "0"
          date: 2025-01-04
          external_flow_source: NO_FLOW
          external_inflow_base: "0"
          external_outflow_base: "0"
          fx_rate_to_base: "1"
          investment_market_value: "0"
          investment_market_value_base: "0"
          net_contribution: "900"
          net_contribution_base: "900"
          performance_eligible_value_base: "900"
          total_value: "900"
          total_value_base: "900"
          value_status: complete
    acc-b:
      currency: USD
      disposals:
        - activity_id: in-1
          asset_id: x
          cost_basis: "-120"
          cost_basis_base: "-120"
          currency: USD
          date: 2025-01-03
          fx_rate_to_base: "1"
          id: "in-1:short-1:0"
          lot_id: short-1
          proceeds: "-100"
          proceeds_base: "-100"
          quantity: "-10"
          realized_pnl: "20"
          realized_pnl_base: "20"
      flows:
        - date: 2025-01-03
          inflow_base: "100"
          outflow_base: "0"
          source: COST_BASIS_FALLBACK
      keyframes:
        - cash:
            USD: "1000"
          cash_total_account_currency: "1000"
          cash_total_base_currency: "1000"
          cost_basis: "0"
          date: 2025-01-01
          net_contribution: "1000"
          net_contribution_base: "1000"
          positions: {}
          source: CALCULATED
        - cash:
            USD: "1120"
          cash_total_account_currency: "1120"
          cash_total_base_currency: "1120"
          cost_basis: "-120"
          date: 2025-01-02
          net_contribution: "1000"
          net_contribution_base: "1000"
          positions:
            x:
              average_cost: "12"
              contract_multiplier: "1"
              cost_basis_account: "-120"
              cost_basis_base: "-120"
              currency: USD
              is_alternative: false
              quantity: "-10"
              total_cost_basis: "-120"
          source: CALCULATED
        - cash:
            USD: "1115"
          cash_total_account_currency: "1115"
          cash_total_base_currency: "1115"
          cost_basis: "0"
          date: 2025-01-03
          net_contribution: "1120"
          net_contribution_base: "1120"
          positions:
            x:
              average_cost: "0"
              contract_multiplier: "1"
              cost_basis_account: ~
              cost_basis_base: ~
              currency: USD
              is_alternative: false
              quantity: "0"
              total_cost_basis: "0"
          source: CALCULATED
      lots:
        - asset_id: x
          base_currency: USD
          close_activity_id: in-1
          close_date: 2025-01-03
          cost_per_unit: "12"
          currency: USD
          fee_allocated: "0"
          fee_allocated_base: "0"
          fx_rate_to_account: ~
          fx_rate_to_base: "1"
          id: short-1
          is_closed: true
          open_activity_id: short-1
          open_date: 2025-01-02
          original_cost_basis: "-120"
          original_cost_basis_base: "-120"
          original_quantity: "-10"
          remaining_cost_basis: "0"
          remaining_cost_basis_base: "0"
          remaining_quantity: "0"
          split_ratio: "1"
          tax_allocated: "0"
          tax_allocated_base: "0"
      performance:
        all_time:
          attribution:
            contributions: "1100"
            distributions: "0"
            fees: "0"
            fx_effect: "0"
            income: "0"
            realized_pnl: "20"
            residual: "0"
            taxes: "0"
            unrealized_pnl_change: "0"
          basis_status: notApplicable
          is_holdings_mode: false
          is_mixed_tracking_mode: false
          method: timeWeighted
          period_end: 2025-01-04
          period_start: 2025-01-01
          quality: partial
          returns:
            annualized_irr: "4.78289179"
            annualized_twr: ~
            annualized_value_return: ~
            irr: "0.01451838"
            twr: "0.02360656"
            value_return: "0.015"
          risk:
            drawdown_duration_days: 1
            max_drawdown: "-0.08606557"
            peak_date: 2025-01-02
            recovery_date: ~
            trough_date: 2025-01-03
            volatility: "1.94718522"
          series:
            - date: 2025-01-01
              value: "0"
            - date: 2025-01-02
              value: "0.12"
            - date: 2025-01-03
              value: "0.02360656"
            - date: 2025-01-04
              value: "0.02360656"
          summary:
            amount: "20"
            amount_status: complete
            basis: marketValue
            basis_status: notApplicable
            method: timeWeighted
            percent: "0.02360656"
            percent_status: complete
            quality: partial
      tracking_mode: TRANSACTIONS
      valuations:
        - basis_status: notApplicable
          book_basis: "1000"
          book_basis_base: "1000"
          cash_balance: "1000"
          cash_balance_base: "1000"
          cost_basis: "0"
          cost_basis_base: "0"
          date: 2025-01-01
          external_flow_source: NO_FLOW
          external_inflow_base: "0"
          external_outflow_base: "0"
          fx_rate_to_base: "1"
          investment_market_value: "0"
          investment_market_value_base: "0"
          net_contribution: "1000"
          net_contribution_base: "1000"
          performance_eligible_value_base: "1000"
          total_value: "1000"
          total_value_base: "1000"
          value_status: complete
        - basis_status: complete
          book_basis: "1000"
          book_basis_base: "1000"
          cash_balance: "1120"
          cash_balance_base: "1120"
          cost_basis: "-120"
          cost_basis_base: "-120"
          date: 2025-01-02
          external_flow_source: NO_FLOW
          external_inflow_base: "0"
          external_outflow_base: "0"
          fx_rate_to_base: "1"
          investment_market_value: "0"
          investment_market_value_base: "0"
          net_contribution: "1000"
          net_contribution_base: "1000"
          performance_eligible_value_base: "1120"
          total_value: "1120"
          total_value_base: "1120"
          value_status: partialUnpriced
        - basis_status: notApplicable
          book_basis: "1115"
          book_basis_base: "1115"
          cash_balance: "1115"
          cash_balance_base: "1115"
          cost_basis: "0"
          cost_basis_base: "0"
          date: 2025-01-03
          external_flow_source: COST_BASIS_FALLBACK
          external_inflow_base: "100"
          external_outflow_base: "0"
          fx_rate_to_base: "1"
          investment_market_value: "0"
          investment_market_value_base: "0"
          net_contribution: "1120"
          net_contribution_base: "1120"
          performance_eligible_value_base: "1115"
          total_value: "1115"
          total_value_base: "1115"
          value_status: complete
        - basis_status: notApplicable
          book_basis: "1115"
          book_basis_base: "1115"
          cash_balance: "1115"
          cash_balance_base: "1115"
          cost_basis: "0"
          cost_basis_base: "0"
          date: 2025-01-04
          external_flow_source: NO_FLOW
          external_inflow_base: "0"
          external_outflow_base: "0"
          fx_rate_to_base: "1"
          investment_market_value: "0"
          investment_market_value_base: "0"
          net_contribution: "1120"
          net_contribution_base: "1120"
          performance_eligible_value_base: "1115"
          total_value: "1115"
          total_value_base: "1115"
          value_status: complete
  diagnostics:
    - "value/acc-a:x: Warning MissingQuote: no quote on or before 2025-01-02 for x; position unpriced"
    - "value/acc-b:x: Warning MissingQuote: no quote on or before 2025-01-02 for x; position unpriced"
  portfolio:
    all_time:
      attribution:
        contributions: "2000"
        distributions: "0"
        fees: "0"
        fx_effect: "0"
        income: "0"
        realized_pnl: "20"
        residual: "0"
        taxes: "0"
        unrealized_pnl_change: "0"
      basis_status: notApplicable
      is_holdings_mode: false
      is_mixed_tracking_mode: false
      method: timeWeighted
      period_end: 2025-01-04
      period_start: 2025-01-01
      quality: partial
      returns:
        annualized_irr: "1.48362158"
        annualized_twr: ~
        annualized_value_return: ~
        irr: "0.0075"
        twr: "0.0075"
        value_return: "0.0075"
      risk:
        drawdown_duration_days: 1
        max_drawdown: "-0.00247525"
        peak_date: 2025-01-02
        recovery_date: ~
        trough_date: 2025-01-03
        volatility: "0.125716"
      series:
        - date: 2025-01-01
          value: "0"
        - date: 2025-01-02
          value: "0.01"
        - date: 2025-01-03
          value: "0.0075"
        - date: 2025-01-04
          value: "0.0075"
      summary:
        amount: "20"
        amount_status: complete
        basis: marketValue
        basis_status: notApplicable
        method: timeWeighted
        percent: "0.0075"
        percent_status: complete
        quality: partial
  portfolio_flows:
    - date: 2025-01-03
      inflow_base: "0"
      outflow_base: "0"
      source: REMOVED_LOT_BASIS_FALLBACK
scenario: EDGE-TXF-18
