---
source: crates/portfolio-engine/tests/goldens.rs
---
as_of: 2025-01-07
base_currency: USD
baseline:
  accounts:
    acc-a:
      currency: USD
      disposals:
        - activity_id: sell-1
          asset_id: x
          cost_basis: "20"
          cost_basis_base: "20"
          currency: USD
          date: 2025-01-05
          fx_rate_to_base: "1"
          id: "sell-1:buy-1:0"
          lot_id: buy-1
          proceeds: "24"
          proceeds_base: "24"
          quantity: "2"
          realized_pnl: "4"
          realized_pnl_base: "4"
        - activity_id: out-1
          asset_id: x
          cost_basis: "10"
          cost_basis_base: "10"
          currency: USD
          date: 2025-01-06
          fx_rate_to_base: "1"
          id: "out-1:buy-1:0"
          lot_id: buy-1
          proceeds: "10"
          proceeds_base: "10"
          quantity: "1"
          realized_pnl: "0"
          realized_pnl_base: "0"
      flows:
        - date: 2025-01-06
          inflow_base: "0"
          outflow_base: "12"
          source: QUOTE_DERIVED_MARKET_VALUE
      keyframes:
        - cash:
            USD: "1000"
          cash_total_account_currency: "1000"
          cash_total_base_currency: "1000"
          cost_basis: "0"
          date: 2025-01-01
          net_contribution: "1000"
          net_contribution_base: "1000"
          positions: {}
          source: CALCULATED
        - cash:
            USD: "970"
          cash_total_account_currency: "970"
          cash_total_base_currency: "970"
          cost_basis: "30"
          date: 2025-01-02
          net_contribution: "1000"
          net_contribution_base: "1000"
          positions:
            x:
              average_cost: "30"
              contract_multiplier: "1"
              cost_basis_account: "30"
              cost_basis_base: "30"
              currency: USD
              is_alternative: false
              quantity: "1"
              total_cost_basis: "30"
          source: CALCULATED
        - cash:
            USD: "934"
          cash_total_account_currency: "934"
          cash_total_base_currency: "934"
          cost_basis: "66"
          date: 2025-01-03
          net_contribution: "1000"
          net_contribution_base: "1000"
          positions:
            x:
              average_cost: "33"
              contract_multiplier: "1"
              cost_basis_account: "66"
              cost_basis_base: "66"
              currency: USD
              is_alternative: false
              quantity: "2"
              total_cost_basis: "66"
          source: CALCULATED
        - cash:
            USD: "934"
          cash_total_account_currency: "934"
          cash_total_base_currency: "934"
          cost_basis: "66"
          date: 2025-01-04
          net_contribution: "1000"
          net_contribution_base: "1000"
          positions:
            x:
              average_cost: "11"
              contract_multiplier: "1"
              cost_basis_account: "66"
              cost_basis_base: "66"
              currency: USD
              is_alternative: false
              quantity: "6"
              total_cost_basis: "66"
          source: CALCULATED
        - cash:
            USD: "958"
          cash_total_account_currency: "958"
          cash_total_base_currency: "958"
          cost_basis: "46"
          date: 2025-01-05
          net_contribution: "1000"
          net_contribution_base: "1000"
          positions:
            x:
              average_cost: "11.5"
              contract_multiplier: "1"
              cost_basis_account: "46"
              cost_basis_base: "46"
              currency: USD
              is_alternative: false
              quantity: "4"
              total_cost_basis: "46"
          source: CALCULATED
        - cash:
            USD: "958"
          cash_total_account_currency: "958"
          cash_total_base_currency: "958"
          cost_basis: "36"
          date: 2025-01-06
          net_contribution: "990"
          net_contribution_base: "990"
          positions:
            x:
              average_cost: "12"
              contract_multiplier: "1"
              cost_basis_account: "36"
              cost_basis_base: "36"
              currency: USD
              is_alternative: false
              quantity: "3"
              total_cost_basis: "36"
          source: CALCULATED
      lots:
        - asset_id: x
          base_currency: USD
          close_activity_id: out-1
          close_date: 2025-01-06
          cost_per_unit: "30"
          currency: USD
          fee_allocated: "0"
          fee_allocated_base: "0"
          fx_rate_to_account: ~
          fx_rate_to_base: "1"
          id: buy-1
          is_closed: true
          open_activity_id: buy-1
          open_date: 2025-01-02
          original_cost_basis: "30"
          original_cost_basis_base: "30"
          original_quantity: "1"
          remaining_cost_basis: "0"
          remaining_cost_basis_base: "0"
          remaining_quantity: "0"
          split_ratio: "3"
          tax_allocated: "0"
          tax_allocated_base: "0"
        - asset_id: x
          base_currency: USD
          close_activity_id: ~
          close_date: ~
          cost_per_unit: "36"
          currency: USD
          fee_allocated: "0"
          fee_allocated_base: "0"
          fx_rate_to_account: "1"
          fx_rate_to_base: "1"
          id: buy-2
          is_closed: false
          open_activity_id: buy-2
          open_date: 2025-01-03
          original_cost_basis: "36"
          original_cost_basis_base: "36"
          original_quantity: "1"
          remaining_cost_basis: "36"
          remaining_cost_basis_base: "36"
          remaining_quantity: "1"
          split_ratio: "3"
          tax_allocated: "0"
          tax_allocated_base: "0"
      performance:
        all_time:
          attribution:
            contributions: "1000"
            distributions: "12"
            fees: "0"
            fx_effect: "0"
            income: "0"
            realized_pnl: "4"
            residual: "0"
            taxes: "0"
            unrealized_pnl_change: "0"
          basis_status: notApplicable
          is_holdings_mode: false
          is_mixed_tracking_mode: false
          method: timeWeighted
          period_end: 2025-01-07
          period_start: 2025-01-01
          quality: partial
          returns:
            annualized_irr: "0.44034748"
            annualized_twr: ~
            annualized_value_return: ~
            irr: "0.00601199"
            twr: "0.006"
            value_return: "0.006"
          risk:
            drawdown_duration_days: 1
            max_drawdown: "0"
            peak_date: 2025-01-01
            recovery_date: ~
            trough_date: 2025-01-02
            volatility: "0.04667358"
          series:
            - date: 2025-01-01
              value: "0"
            - date: 2025-01-02
              value: "0"
            - date: 2025-01-03
              value: "0.006"
            - date: 2025-01-04
              value: "0.006"
            - date: 2025-01-05
              value: "0.006"
            - date: 2025-01-06
              value: "0.006"
            - date: 2025-01-07
              value: "0.006"
          summary:
            amount: "4"
            amount_status: complete
            basis: marketValue
            basis_status: notApplicable
            method: timeWeighted
            percent: "0.006"
            percent_status: complete
            quality: partial
      tracking_mode: TRANSACTIONS
      valuations:
        - basis_status: notApplicable
          book_basis: "1000"
          book_basis_base: "1000"
          cash_balance: "1000"
          cash_balance_base: "1000"
          cost_basis: "0"
          cost_basis_base: "0"
          date: 2025-01-01
          external_flow_source: NO_FLOW
          external_inflow_base: "0"
          external_outflow_base: "0"
          fx_rate_to_base: "1"
          investment_market_value: "0"
          investment_market_value_base: "0"
          net_contribution: "1000"
          net_contribution_base: "1000"
          performance_eligible_value_base: "1000"
          total_value: "1000"
          total_value_base: "1000"
          value_status: complete
        - basis_status: complete
          book_basis: "1000"
          book_basis_base: "1000"
          cash_balance: "970"
          cash_balance_base: "970"
          cost_basis: "30"
          cost_basis_base: "30"
          date: 2025-01-02
          external_flow_source: NO_FLOW
          external_inflow_base: "0"
          external_outflow_base: "0"
          fx_rate_to_base: "1"
          investment_market_value: "30"
          investment_market_value_base: "30"
          net_contribution: "1000"
          net_contribution_base: "1000"
          performance_eligible_value_base: "1000"
          total_value: "1000"
          total_value_base: "1000"
          value_status: complete
        - basis_status: complete
          book_basis: "1000"
          book_basis_base: "1000"
          cash_balance: "934"
          cash_balance_base: "934"
          cost_basis: "66"
          cost_basis_base: "66"
          date: 2025-01-03
          external_flow_source: NO_FLOW
          external_inflow_base: "0"
          external_outflow_base: "0"
          fx_rate_to_base: "1"
          investment_market_value: "72"
          investment_market_value_base: "72"
          net_contribution: "1000"
          net_contribution_base: "1000"
          performance_eligible_value_base: "1006"
          total_value: "1006"
          total_value_base: "1006"
          value_status: complete
        - basis_status: complete
          book_basis: "1000"
          book_basis_base: "1000"
          cash_balance: "934"
          cash_balance_base: "934"
          cost_basis: "66"
          cost_basis_base: "66"
          date: 2025-01-04
          external_flow_source: NO_FLOW
          external_inflow_base: "0"
          external_outflow_base: "0"
          fx_rate_to_base: "1"
          investment_market_value: "72"
          investment_market_value_base: "72"
          net_contribution: "1000"
          net_contribution_base: "1000"
          performance_eligible_value_base: "1006"
          total_value: "1006"
          total_value_base: "1006"
          value_status: complete
        - basis_status: complete
          book_basis: "1004"
          book_basis_base: "1004"
          cash_balance: "958"
          cash_balance_base: "958"
          cost_basis: "46"
          cost_basis_base: "46"
          date: 2025-01-05
          external_flow_source: NO_FLOW
          external_inflow_base: "0"
          external_outflow_base: "0"
          fx_rate_to_base: "1"
          investment_market_value: "48"
          investment_market_value_base: "48"
          net_contribution: "1000"
          net_contribution_base: "1000"
          performance_eligible_value_base: "1006"
          total_value: "1006"
          total_value_base: "1006"
          value_status: complete
        - basis_status: complete
          book_basis: "994"
          book_basis_base: "994"
          cash_balance: "958"
          cash_balance_base: "958"
          cost_basis: "36"
          cost_basis_base: "36"
          date: 2025-01-06
          external_flow_source: QUOTE_DERIVED_MARKET_VALUE
          external_inflow_base: "0"
          external_outflow_base: "12"
          fx_rate_to_base: "1"
          investment_market_value: "36"
          investment_market_value_base: "36"
          net_contribution: "990"
          net_contribution_base: "990"
          performance_eligible_value_base: "994"
          total_value: "994"
          total_value_base: "994"
          value_status: complete
        - basis_status: complete
          book_basis: "994"
          book_basis_base: "994"
          cash_balance: "958"
          cash_balance_base: "958"
          cost_basis: "36"
          cost_basis_base: "36"
          date: 2025-01-07
          external_flow_source: NO_FLOW
          external_inflow_base: "0"
          external_outflow_base: "0"
          fx_rate_to_base: "1"
          investment_market_value: "36"
          investment_market_value_base: "36"
          net_contribution: "990"
          net_contribution_base: "990"
          performance_eligible_value_base: "994"
          total_value: "994"
          total_value_base: "994"
          value_status: complete
    acc-b:
      currency: USD
      disposals: []
      flows:
        - date: 2025-01-06
          inflow_base: "12"
          outflow_base: "0"
          source: QUOTE_DERIVED_MARKET_VALUE
      keyframes:
        - cash:
            USD: "100"
          cash_total_account_currency: "100"
          cash_total_base_currency: "100"
          cost_basis: "0"
          date: 2025-01-01
          net_contribution: "100"
          net_contribution_base: "100"
          positions: {}
          source: CALCULATED
        - cash:
            USD: "100"
          cash_total_account_currency: "100"
          cash_total_base_currency: "100"
          cost_basis: "10"
          date: 2025-01-06
          net_contribution: "110"
          net_contribution_base: "110"
          positions:
            x:
              average_cost: "10"
              contract_multiplier: "1"
              cost_basis_account: "10"
              cost_basis_base: "10"
              currency: USD
              is_alternative: false
              quantity: "1"
              total_cost_basis: "10"
          source: CALCULATED
      lots:
        - asset_id: x
          base_currency: USD
          close_activity_id: ~
          close_date: ~
          cost_per_unit: "30"
          currency: USD
          fee_allocated: "0"
          fee_allocated_base: "0"
          fx_rate_to_account: "1"
          fx_rate_to_base: "1"
          id: in-1
          is_closed: false
          open_activity_id: in-1
          open_date: 2025-01-02
          original_cost_basis: "10"
          original_cost_basis_base: "10"
          original_quantity: "0.33333333"
          remaining_cost_basis: "10"
          remaining_cost_basis_base: "10"
          remaining_quantity: "0.33333333"
          split_ratio: "3"
          tax_allocated: "0"
          tax_allocated_base: "0"
      performance:
        all_time:
          attribution:
            contributions: "112"
            distributions: "0"
            fees: "0"
            fx_effect: "0"
            income: "0"
            realized_pnl: "0"
            residual: "0"
            taxes: "0"
            unrealized_pnl_change: "2"
          basis_status: notApplicable
          is_holdings_mode: false
          is_mixed_tracking_mode: false
          method: timeWeighted
          period_end: 2025-01-07
          period_start: 2025-01-01
          quality: partial
          returns:
            annualized_irr: "-0.00000004"
            annualized_twr: ~
            annualized_value_return: ~
            irr: "0"
            twr: "0"
            value_return: "0"
          risk:
            drawdown_duration_days: 1
            max_drawdown: "0"
            peak_date: 2025-01-01
            recovery_date: ~
            trough_date: 2025-01-02
            volatility: "0"
          series:
            - date: 2025-01-01
              value: "0"
            - date: 2025-01-02
              value: "0"
            - date: 2025-01-03
              value: "0"
            - date: 2025-01-04
              value: "0"
            - date: 2025-01-05
              value: "0"
            - date: 2025-01-06
              value: "0"
            - date: 2025-01-07
              value: "0"
          summary:
            amount: "2"
            amount_status: complete
            basis: marketValue
            basis_status: notApplicable
            method: timeWeighted
            percent: "0"
            percent_status: complete
            quality: partial
      tracking_mode: TRANSACTIONS
      valuations:
        - basis_status: notApplicable
          book_basis: "100"
          book_basis_base: "100"
          cash_balance: "100"
          cash_balance_base: "100"
          cost_basis: "0"
          cost_basis_base: "0"
          date: 2025-01-01
          external_flow_source: NO_FLOW
          external_inflow_base: "0"
          external_outflow_base: "0"
          fx_rate_to_base: "1"
          investment_market_value: "0"
          investment_market_value_base: "0"
          net_contribution: "100"
          net_contribution_base: "100"
          performance_eligible_value_base: "100"
          total_value: "100"
          total_value_base: "100"
          value_status: complete
        - basis_status: notApplicable
          book_basis: "100"
          book_basis_base: "100"
          cash_balance: "100"
          cash_balance_base: "100"
          cost_basis: "0"
          cost_basis_base: "0"
          date: 2025-01-02
          external_flow_source: NO_FLOW
          external_inflow_base: "0"
          external_outflow_base: "0"
          fx_rate_to_base: "1"
          investment_market_value: "0"
          investment_market_value_base: "0"
          net_contribution: "100"
          net_contribution_base: "100"
          performance_eligible_value_base: "100"
          total_value: "100"
          total_value_base: "100"
          value_status: complete
        - basis_status: notApplicable
          book_basis: "100"
          book_basis_base: "100"
          cash_balance: "100"
          cash_balance_base: "100"
          cost_basis: "0"
          cost_basis_base: "0"
          date: 2025-01-03
          external_flow_source: NO_FLOW
          external_inflow_base: "0"
          external_outflow_base: "0"
          fx_rate_to_base: "1"
          investment_market_value: "0"
          investment_market_value_base: "0"
          net_contribution: "100"
          net_contribution_base: "100"
          performance_eligible_value_base: "100"
          total_value: "100"
          total_value_base: "100"
          value_status: complete
        - basis_status: notApplicable
          book_basis: "100"
          book_basis_base: "100"
          cash_balance: "100"
          cash_balance_base: "100"
          cost_basis: "0"
          cost_basis_base: "0"
          date: 2025-01-04
          external_flow_source: NO_FLOW
          external_inflow_base: "0"
          external_outflow_base: "0"
          fx_rate_to_base: "1"
          investment_market_value: "0"
          investment_market_value_base: "0"
          net_contribution: "100"
          net_contribution_base: "100"
          performance_eligible_value_base: "100"
          total_value: "100"
          total_value_base: "100"
          value_status: complete
        - basis_status: notApplicable
          book_basis: "100"
          book_basis_base: "100"
          cash_balance: "100"
          cash_balance_base: "100"
          cost_basis: "0"
          cost_basis_base: "0"
          date: 2025-01-05
          external_flow_source: NO_FLOW
          external_inflow_base: "0"
          external_outflow_base: "0"
          fx_rate_to_base: "1"
          investment_market_value: "0"
          investment_market_value_base: "0"
          net_contribution: "100"
          net_contribution_base: "100"
          performance_eligible_value_base: "100"
          total_value: "100"
          total_value_base: "100"
          value_status: complete
        - basis_status: complete
          book_basis: "110"
          book_basis_base: "110"
          cash_balance: "100"
          cash_balance_base: "100"
          cost_basis: "10"
          cost_basis_base: "10"
          date: 2025-01-06
          external_flow_source: QUOTE_DERIVED_MARKET_VALUE
          external_inflow_base: "12"
          external_outflow_base: "0"
          fx_rate_to_base: "1"
          investment_market_value: "12"
          investment_market_value_base: "12"
          net_contribution: "110"
          net_contribution_base: "110"
          performance_eligible_value_base: "112"
          total_value: "112"
          total_value_base: "112"
          value_status: complete
        - basis_status: complete
          book_basis: "110"
          book_basis_base: "110"
          cash_balance: "100"
          cash_balance_base: "100"
          cost_basis: "10"
          cost_basis_base: "10"
          date: 2025-01-07
          external_flow_source: NO_FLOW
          external_inflow_base: "0"
          external_outflow_base: "0"
          fx_rate_to_base: "1"
          investment_market_value: "12"
          investment_market_value_base: "12"
          net_contribution: "110"
          net_contribution_base: "110"
          performance_eligible_value_base: "112"
          total_value: "112"
          total_value_base: "112"
          value_status: complete
  diagnostics: []
  portfolio:
    all_time:
      attribution:
        contributions: "1100"
        distributions: "0"
        fees: "0"
        fx_effect: "0"
        income: "0"
        realized_pnl: "4"
        residual: "0"
        taxes: "0"
        unrealized_pnl_change: "2"
      basis_status: notApplicable
      is_holdings_mode: false
      is_mixed_tracking_mode: false
      method: timeWeighted
      period_end: 2025-01-07
      period_start: 2025-01-01
      quality: ok
      returns:
        annualized_irr: "0.39255913"
        annualized_twr: ~
        annualized_value_return: ~
        irr: "0.00545455"
        twr: "0.00545455"
        value_return: "0.00545455"
      risk:
        drawdown_duration_days: 1
        max_drawdown: "0"
        peak_date: 2025-01-01
        recovery_date: ~
        trough_date: 2025-01-02
        volatility: "0.04244204"
      series:
        - date: 2025-01-01
          value: "0"
        - date: 2025-01-02
          value: "0"
        - date: 2025-01-03
          value: "0.00545455"
        - date: 2025-01-04
          value: "0.00545455"
        - date: 2025-01-05
          value: "0.00545455"
        - date: 2025-01-06
          value: "0.00545455"
        - date: 2025-01-07
          value: "0.00545455"
      summary:
        amount: "6"
        amount_status: complete
        basis: marketValue
        basis_status: notApplicable
        method: timeWeighted
        percent: "0.00545455"
        percent_status: complete
        quality: ok
  portfolio_flows:
    - date: 2025-01-06
      inflow_base: "0"
      outflow_base: "0"
      source: QUOTE_DERIVED_MARKET_VALUE
scenario: EDGE-POS-05
