---
source: crates/portfolio-engine/tests/goldens.rs
---
as_of: 2025-01-10
base_currency: CAD
baseline:
  accounts:
    acc-1:
      currency: CAD
      disposals:
        - activity_id: sell-1
          asset_id: etf
          cost_basis: "530"
          cost_basis_base: "717"
          currency: USD
          date: 2025-01-08
          fx_rate_to_base: "1.4"
          id: "sell-1:buy-1:0"
          lot_id: buy-1
          proceeds: "650"
          proceeds_base: "910"
          quantity: "5"
          realized_pnl: "120"
          realized_pnl_base: "193"
      flows: []
      keyframes:
        - cash:
            CAD: "4000"
          cash_total_account_currency: "4000"
          cash_total_base_currency: "4000"
          cost_basis: "0"
          date: 2025-01-02
          net_contribution: "4000"
          net_contribution_base: "4000"
          positions: {}
          source: CALCULATED
        - cash:
            CAD: "2700"
          cash_total_account_currency: "2700"
          cash_total_base_currency: "2700"
          cost_basis: "1300"
          date: 2025-01-03
          net_contribution: "4000"
          net_contribution_base: "4000"
          positions:
            etf:
              average_cost: "100"
              contract_multiplier: "1"
              cost_basis_account: "1300"
              cost_basis_base: "1300"
              currency: USD
              is_alternative: false
              quantity: "10"
              total_cost_basis: "1000"
          source: CALCULATED
        - cash:
            CAD: "1020"
          cash_total_account_currency: "1020"
          cash_total_base_currency: "1020"
          cost_basis: "2980"
          date: 2025-01-06
          net_contribution: "4000"
          net_contribution_base: "4000"
          positions:
            etf:
              average_cost: "110"
              contract_multiplier: "1"
              cost_basis_account: "2980"
              cost_basis_base: "2980"
              currency: USD
              is_alternative: false
              quantity: "20"
              total_cost_basis: "2200"
          source: CALCULATED
        - cash:
            CAD: "1020"
          cash_total_account_currency: "1020"
          cash_total_base_currency: "1020"
          cost_basis: "2868"
          date: 2025-01-07
          net_contribution: "4000"
          net_contribution_base: "4000"
          positions:
            etf:
              average_cost: "106"
              contract_multiplier: "1"
              cost_basis_account: "2868"
              cost_basis_base: "2868"
              currency: USD
              is_alternative: false
              quantity: "20"
              total_cost_basis: "2120"
          source: CALCULATED
        - cash:
            CAD: "1930"
          cash_total_account_currency: "1930"
          cash_total_base_currency: "1930"
          cost_basis: "2151"
          date: 2025-01-08
          net_contribution: "4000"
          net_contribution_base: "4000"
          positions:
            etf:
              average_cost: "106"
              contract_multiplier: "1"
              cost_basis_account: "2151"
              cost_basis_base: "2151"
              currency: USD
              is_alternative: false
              quantity: "15"
              total_cost_basis: "1590"
          source: CALCULATED
      lots:
        - asset_id: etf
          base_currency: CAD
          close_activity_id: ~
          close_date: ~
          cost_per_unit: "110"
          currency: USD
          fee_allocated: "0"
          fee_allocated_base: "0"
          fx_rate_to_account: "1.35454545"
          fx_rate_to_base: "1.35454545"
          id: buy-1
          is_closed: false
          open_activity_id: ~
          open_date: 2025-01-03
          original_cost_basis: "2200"
          original_cost_basis_base: "2980"
          original_quantity: "20"
          remaining_cost_basis: "1590"
          remaining_cost_basis_base: "2151"
          remaining_quantity: "15"
          split_ratio: "1"
          tax_allocated: "0"
          tax_allocated_base: "0"
      performance:
        all_time:
          attribution:
            contributions: "4000"
            distributions: "0"
            fees: "0"
            fx_effect: "0"
            income: "-112"
            realized_pnl: "193"
            residual: "0"
            taxes: "0"
            unrealized_pnl_change: "579"
          basis_status: notApplicable
          is_holdings_mode: false
          is_mixed_tracking_mode: false
          method: timeWeighted
          period_end: 2025-01-10
          period_start: 2025-01-02
          quality: ok
          returns:
            annualized_irr: "1066.07029511"
            annualized_twr: ~
            annualized_value_return: ~
            irr: "0.165"
            twr: "0.165"
            value_return: "0.165"
          risk:
            drawdown_duration_days: 1
            max_drawdown: "0"
            peak_date: 2025-01-02
            recovery_date: ~
            trough_date: 2025-01-03
            volatility: "0.55476506"
          series:
            - date: 2025-01-02
              value: "0"
            - date: 2025-01-03
              value: "0"
            - date: 2025-01-04
              value: "0"
            - date: 2025-01-05
              value: "0.025"
            - date: 2025-01-06
              value: "0.095"
            - date: 2025-01-07
              value: "0.095"
            - date: 2025-01-08
              value: "0.165"
            - date: 2025-01-09
              value: "0.165"
            - date: 2025-01-10
              value: "0.165"
          summary:
            amount: "660"
            amount_status: complete
            basis: marketValue
            basis_status: notApplicable
            method: timeWeighted
            percent: "0.165"
            percent_status: complete
            quality: ok
      tracking_mode: TRANSACTIONS
      valuations:
        - basis_status: notApplicable
          book_basis: "4000"
          book_basis_base: "4000"
          cash_balance: "4000"
          cash_balance_base: "4000"
          cost_basis: "0"
          cost_basis_base: "0"
          date: 2025-01-02
          external_flow_source: NO_FLOW
          external_inflow_base: "0"
          external_outflow_base: "0"
          fx_rate_to_base: "1"
          investment_market_value: "0"
          investment_market_value_base: "0"
          net_contribution: "4000"
          net_contribution_base: "4000"
          performance_eligible_value_base: "4000"
          total_value: "4000"
          total_value_base: "4000"
          value_status: complete
        - basis_status: complete
          book_basis: "4000"
          book_basis_base: "4000"
          cash_balance: "2700"
          cash_balance_base: "2700"
          cost_basis: "1300"
          cost_basis_base: "1300"
          date: 2025-01-03
          external_flow_source: NO_FLOW
          external_inflow_base: "0"
          external_outflow_base: "0"
          fx_rate_to_base: "1"
          investment_market_value: "1300"
          investment_market_value_base: "1300"
          net_contribution: "4000"
          net_contribution_base: "4000"
          performance_eligible_value_base: "4000"
          total_value: "4000"
          total_value_base: "4000"
          value_status: complete
        - basis_status: complete
          book_basis: "4000"
          book_basis_base: "4000"
          cash_balance: "2700"
          cash_balance_base: "2700"
          cost_basis: "1300"
          cost_basis_base: "1300"
          date: 2025-01-04
          external_flow_source: NO_FLOW
          external_inflow_base: "0"
          external_outflow_base: "0"
          fx_rate_to_base: "1"
          investment_market_value: "1300"
          investment_market_value_base: "1300"
          net_contribution: "4000"
          net_contribution_base: "4000"
          performance_eligible_value_base: "4000"
          total_value: "4000"
          total_value_base: "4000"
          value_status: complete
        - basis_status: complete
          book_basis: "4000"
          book_basis_base: "4000"
          cash_balance: "2700"
          cash_balance_base: "2700"
          cost_basis: "1300"
          cost_basis_base: "1300"
          date: 2025-01-05
          external_flow_source: NO_FLOW
          external_inflow_base: "0"
          external_outflow_base: "0"
          fx_rate_to_base: "1"
          investment_market_value: "1400"
          investment_market_value_base: "1400"
          net_contribution: "4000"
          net_contribution_base: "4000"
          performance_eligible_value_base: "4100"
          total_value: "4100"
          total_value_base: "4100"
          value_status: complete
        - basis_status: complete
          book_basis: "4000"
          book_basis_base: "4000"
          cash_balance: "1020"
          cash_balance_base: "1020"
          cost_basis: "2980"
          cost_basis_base: "2980"
          date: 2025-01-06
          external_flow_source: NO_FLOW
          external_inflow_base: "0"
          external_outflow_base: "0"
          fx_rate_to_base: "1"
          investment_market_value: "3360"
          investment_market_value_base: "3360"
          net_contribution: "4000"
          net_contribution_base: "4000"
          performance_eligible_value_base: "4380"
          total_value: "4380"
          total_value_base: "4380"
          value_status: complete
        - basis_status: complete
          book_basis: "3888"
          book_basis_base: "3888"
          cash_balance: "1020"
          cash_balance_base: "1020"
          cost_basis: "2868"
          cost_basis_base: "2868"
          date: 2025-01-07
          external_flow_source: NO_FLOW
          external_inflow_base: "0"
          external_outflow_base: "0"
          fx_rate_to_base: "1"
          investment_market_value: "3360"
          investment_market_value_base: "3360"
          net_contribution: "4000"
          net_contribution_base: "4000"
          performance_eligible_value_base: "4380"
          total_value: "4380"
          total_value_base: "4380"
          value_status: complete
        - basis_status: complete
          book_basis: "4081"
          book_basis_base: "4081"
          cash_balance: "1930"
          cash_balance_base: "1930"
          cost_basis: "2151"
          cost_basis_base: "2151"
          date: 2025-01-08
          external_flow_source: NO_FLOW
          external_inflow_base: "0"
          external_outflow_base: "0"
          fx_rate_to_base: "1"
          investment_market_value: "2730"
          investment_market_value_base: "2730"
          net_contribution: "4000"
          net_contribution_base: "4000"
          performance_eligible_value_base: "4660"
          total_value: "4660"
          total_value_base: "4660"
          value_status: complete
        - basis_status: complete
          book_basis: "4081"
          book_basis_base: "4081"
          cash_balance: "1930"
          cash_balance_base: "1930"
          cost_basis: "2151"
          cost_basis_base: "2151"
          date: 2025-01-09
          external_flow_source: NO_FLOW
          external_inflow_base: "0"
          external_outflow_base: "0"
          fx_rate_to_base: "1"
          investment_market_value: "2730"
          investment_market_value_base: "2730"
          net_contribution: "4000"
          net_contribution_base: "4000"
          performance_eligible_value_base: "4660"
          total_value: "4660"
          total_value_base: "4660"
          value_status: complete
        - basis_status: complete
          book_basis: "4081"
          book_basis_base: "4081"
          cash_balance: "1930"
          cash_balance_base: "1930"
          cost_basis: "2151"
          cost_basis_base: "2151"
          date: 2025-01-10
          external_flow_source: NO_FLOW
          external_inflow_base: "0"
          external_outflow_base: "0"
          fx_rate_to_base: "1"
          investment_market_value: "2730"
          investment_market_value_base: "2730"
          net_contribution: "4000"
          net_contribution_base: "4000"
          performance_eligible_value_base: "4660"
          total_value: "4660"
          total_value_base: "4660"
          value_status: complete
  diagnostics: []
  portfolio:
    all_time:
      attribution:
        contributions: "4000"
        distributions: "0"
        fees: "0"
        fx_effect: "0"
        income: "-112"
        realized_pnl: "193"
        residual: "0"
        taxes: "0"
        unrealized_pnl_change: "579"
      basis_status: notApplicable
      is_holdings_mode: false
      is_mixed_tracking_mode: false
      method: timeWeighted
      period_end: 2025-01-10
      period_start: 2025-01-02
      quality: ok
      returns:
        annualized_irr: "1066.07029511"
        annualized_twr: ~
        annualized_value_return: ~
        irr: "0.165"
        twr: "0.165"
        value_return: "0.165"
      risk:
        drawdown_duration_days: 1
        max_drawdown: "0"
        peak_date: 2025-01-02
        recovery_date: ~
        trough_date: 2025-01-03
        volatility: "0.55476506"
      series:
        - date: 2025-01-02
          value: "0"
        - date: 2025-01-03
          value: "0"
        - date: 2025-01-04
          value: "0"
        - date: 2025-01-05
          value: "0.025"
        - date: 2025-01-06
          value: "0.095"
        - date: 2025-01-07
          value: "0.095"
        - date: 2025-01-08
          value: "0.165"
        - date: 2025-01-09
          value: "0.165"
        - date: 2025-01-10
          value: "0.165"
      summary:
        amount: "660"
        amount_status: complete
        basis: marketValue
        basis_status: notApplicable
        method: timeWeighted
        percent: "0.165"
        percent_status: complete
        quality: ok
  portfolio_flows: []
scenario: EDGE-ROC-02
