---
source: crates/portfolio-engine/tests/goldens.rs
assertion_line: 34
---
as_of: 2025-01-05
base_currency: USD
baseline:
  accounts:
    acc-h:
      currency: USD
      disposals: []
      flows: []
      keyframes:
        - cash:
            USD: "100"
          date: 2025-01-01
          positions: {}
          source: OBSERVED
      lots: []
      performance:
        all_time:
          attribution:
            contributions: "0"
            distributions: "0"
            fees: "0"
            fx_effect: "0"
            income: "0"
            realized_pnl: "0"
            residual: "0"
            taxes: "0"
            unrealized_pnl_change: "0"
          basis_status: notApplicable
          is_holdings_mode: true
          is_mixed_tracking_mode: false
          method: valueReturn
          period_end: 2025-01-05
          period_start: 2025-01-01
          quality: partial
          returns:
            annualized_irr: ~
            annualized_twr: ~
            annualized_value_return: ~
            irr: ~
            twr: ~
            value_return: "0"
          risk:
            drawdown_duration_days: 1
            max_drawdown: "0"
            peak_date: 2025-01-01
            recovery_date: ~
            trough_date: 2025-01-02
            volatility: "0"
          series:
            - date: 2025-01-01
              value: "0"
            - date: 2025-01-02
              value: "0"
            - date: 2025-01-03
              value: "0"
            - date: 2025-01-04
              value: "0"
            - date: 2025-01-05
              value: "0"
          summary:
            amount: "0"
            amount_status: complete
            basis: bookBasis
            basis_status: notApplicable
            method: valueReturn
            percent: "0"
            percent_status: complete
            quality: partial
      tracking_mode: HOLDINGS
      valuations:
        - basis_status: notApplicable
          book_basis: "100"
          book_basis_base: "100"
          cash_balance: "100"
          cash_balance_base: "100"
          cost_basis: "0"
          cost_basis_base: "0"
          date: 2025-01-01
          external_flow_source: NO_FLOW
          external_inflow_base: "0"
          external_outflow_base: "0"
          fx_rate_to_base: "1"
          investment_market_value: "0"
          investment_market_value_base: "0"
          net_contribution: "0"
          net_contribution_base: "0"
          performance_eligible_value_base: "100"
          total_value: "100"
          total_value_base: "100"
          value_status: complete
        - basis_status: notApplicable
          book_basis: "100"
          book_basis_base: "100"
          cash_balance: "100"
          cash_balance_base: "100"
          cost_basis: "0"
          cost_basis_base: "0"
          date: 2025-01-02
          external_flow_source: NO_FLOW
          external_inflow_base: "0"
          external_outflow_base: "0"
          fx_rate_to_base: "1"
          investment_market_value: "0"
          investment_market_value_base: "0"
          net_contribution: "0"
          net_contribution_base: "0"
          performance_eligible_value_base: "100"
          total_value: "100"
          total_value_base: "100"
          value_status: complete
        - basis_status: notApplicable
          book_basis: "100"
          book_basis_base: "100"
          cash_balance: "100"
          cash_balance_base: "100"
          cost_basis: "0"
          cost_basis_base: "0"
          date: 2025-01-03
          external_flow_source: NO_FLOW
          external_inflow_base: "0"
          external_outflow_base: "0"
          fx_rate_to_base: "1"
          investment_market_value: "0"
          investment_market_value_base: "0"
          net_contribution: "0"
          net_contribution_base: "0"
          performance_eligible_value_base: "100"
          total_value: "100"
          total_value_base: "100"
          value_status: complete
        - basis_status: notApplicable
          book_basis: "100"
          book_basis_base: "100"
          cash_balance: "100"
          cash_balance_base: "100"
          cost_basis: "0"
          cost_basis_base: "0"
          date: 2025-01-04
          external_flow_source: NO_FLOW
          external_inflow_base: "0"
          external_outflow_base: "0"
          fx_rate_to_base: "1"
          investment_market_value: "0"
          investment_market_value_base: "0"
          net_contribution: "0"
          net_contribution_base: "0"
          performance_eligible_value_base: "100"
          total_value: "100"
          total_value_base: "100"
          value_status: complete
        - basis_status: notApplicable
          book_basis: "100"
          book_basis_base: "100"
          cash_balance: "100"
          cash_balance_base: "100"
          cost_basis: "0"
          cost_basis_base: "0"
          date: 2025-01-05
          external_flow_source: NO_FLOW
          external_inflow_base: "0"
          external_outflow_base: "0"
          fx_rate_to_base: "1"
          investment_market_value: "0"
          investment_market_value_base: "0"
          net_contribution: "0"
          net_contribution_base: "0"
          performance_eligible_value_base: "100"
          total_value: "100"
          total_value_base: "100"
          value_status: complete
    acc-t:
      currency: USD
      disposals:
        - activity_id: in-1
          asset_id: x
          cost_basis: "-48"
          cost_basis_base: "-48"
          currency: USD
          date: 2025-01-03
          fx_rate_to_base: "1"
          id: "in-1:short-1:0"
          lot_id: short-1
          proceeds: "-40"
          proceeds_base: "-40"
          quantity: "-4"
          realized_pnl: "8"
          realized_pnl_base: "8"
      flows:
        - date: 2025-01-03
          inflow_base: "100"
          outflow_base: "0"
          source: COST_BASIS_FALLBACK
      keyframes:
        - cash:
            USD: "1000"
          cash_total_account_currency: "1000"
          cash_total_base_currency: "1000"
          cost_basis: "0"
          date: 2025-01-01
          net_contribution: "1000"
          net_contribution_base: "1000"
          positions: {}
          source: CALCULATED
        - cash:
            USD: "1048"
          cash_total_account_currency: "1048"
          cash_total_base_currency: "1048"
          cost_basis: "-48"
          date: 2025-01-02
          net_contribution: "1000"
          net_contribution_base: "1000"
          positions:
            x:
              average_cost: "12"
              contract_multiplier: "1"
              cost_basis_account: "-48"
              cost_basis_base: "-48"
              currency: USD
              is_alternative: false
              quantity: "-4"
              total_cost_basis: "-48"
          source: CALCULATED
        - cash:
            USD: "1043"
          cash_total_account_currency: "1043"
          cash_total_base_currency: "1043"
          cost_basis: "65"
          date: 2025-01-03
          net_contribution: "1113"
          net_contribution_base: "1113"
          positions:
            x:
              average_cost: "10.83333333"
              contract_multiplier: "1"
              cost_basis_account: "65"
              cost_basis_base: "65"
              currency: USD
              is_alternative: false
              quantity: "6"
              total_cost_basis: "65"
          source: CALCULATED
      lots:
        - asset_id: x
          base_currency: USD
          close_activity_id: in-1
          close_date: 2025-01-03
          cost_per_unit: "12"
          currency: USD
          fee_allocated: "0"
          fee_allocated_base: "0"
          fx_rate_to_account: ~
          fx_rate_to_base: "1"
          id: short-1
          is_closed: true
          open_activity_id: short-1
          open_date: 2025-01-02
          original_cost_basis: "-48"
          original_cost_basis_base: "-48"
          original_quantity: "-4"
          remaining_cost_basis: "0"
          remaining_cost_basis_base: "0"
          remaining_quantity: "0"
          split_ratio: "1"
          tax_allocated: "0"
          tax_allocated_base: "0"
        - asset_id: x
          base_currency: USD
          close_activity_id: ~
          close_date: ~
          cost_per_unit: "10"
          currency: USD
          fee_allocated: "5"
          fee_allocated_base: "5"
          fx_rate_to_account: "1"
          fx_rate_to_base: "1"
          id: in-1
          is_closed: false
          open_activity_id: in-1
          open_date: 2025-01-03
          original_cost_basis: "65"
          original_cost_basis_base: "65"
          original_quantity: "6"
          remaining_cost_basis: "65"
          remaining_cost_basis_base: "65"
          remaining_quantity: "6"
          split_ratio: "1"
          tax_allocated: "0"
          tax_allocated_base: "0"
      performance:
        all_time:
          attribution:
            contributions: "1100"
            distributions: "0"
            fees: "0"
            fx_effect: "0"
            income: "0"
            realized_pnl: "8"
            residual: "0"
            taxes: "0"
            unrealized_pnl_change: "-65"
          basis_status: notApplicable
          is_holdings_mode: false
          is_mixed_tracking_mode: false
          method: timeWeighted
          period_end: 2025-01-05
          period_start: 2025-01-01
          quality: partial
          returns:
            annualized_irr: "-0.9938611"
            annualized_twr: ~
            annualized_value_return: ~
            irr: "-0.0542497"
            twr: "-0.04785366"
            value_return: "-0.057"
          risk:
            drawdown_duration_days: 1
            max_drawdown: "-0.09146341"
            peak_date: 2025-01-02
            recovery_date: ~
            trough_date: 2025-01-03
            volatility: "1.14656321"
          series:
            - date: 2025-01-01
              value: "0"
            - date: 2025-01-02
              value: "0.048"
            - date: 2025-01-03
              value: "-0.04785366"
            - date: 2025-01-04
              value: "-0.04785366"
            - date: 2025-01-05
              value: "-0.04785366"
          summary:
            amount: "-57"
            amount_status: complete
            basis: marketValue
            basis_status: notApplicable
            method: timeWeighted
            percent: "-0.04785366"
            percent_status: complete
            quality: partial
      tracking_mode: TRANSACTIONS
      valuations:
        - basis_status: notApplicable
          book_basis: "1000"
          book_basis_base: "1000"
          cash_balance: "1000"
          cash_balance_base: "1000"
          cost_basis: "0"
          cost_basis_base: "0"
          date: 2025-01-01
          external_flow_source: NO_FLOW
          external_inflow_base: "0"
          external_outflow_base: "0"
          fx_rate_to_base: "1"
          investment_market_value: "0"
          investment_market_value_base: "0"
          net_contribution: "1000"
          net_contribution_base: "1000"
          performance_eligible_value_base: "1000"
          total_value: "1000"
          total_value_base: "1000"
          value_status: complete
        - basis_status: complete
          book_basis: "1000"
          book_basis_base: "1000"
          cash_balance: "1048"
          cash_balance_base: "1048"
          cost_basis: "-48"
          cost_basis_base: "-48"
          date: 2025-01-02
          external_flow_source: NO_FLOW
          external_inflow_base: "0"
          external_outflow_base: "0"
          fx_rate_to_base: "1"
          investment_market_value: "0"
          investment_market_value_base: "0"
          net_contribution: "1000"
          net_contribution_base: "1000"
          performance_eligible_value_base: "1048"
          total_value: "1048"
          total_value_base: "1048"
          value_status: partialUnpriced
        - basis_status: complete
          book_basis: "1108"
          book_basis_base: "1108"
          cash_balance: "1043"
          cash_balance_base: "1043"
          cost_basis: "65"
          cost_basis_base: "65"
          date: 2025-01-03
          external_flow_source: COST_BASIS_FALLBACK
          external_inflow_base: "100"
          external_outflow_base: "0"
          fx_rate_to_base: "1"
          investment_market_value: "0"
          investment_market_value_base: "0"
          net_contribution: "1113"
          net_contribution_base: "1113"
          performance_eligible_value_base: "1043"
          total_value: "1043"
          total_value_base: "1043"
          value_status: partialUnpriced
        - basis_status: complete
          book_basis: "1108"
          book_basis_base: "1108"
          cash_balance: "1043"
          cash_balance_base: "1043"
          cost_basis: "65"
          cost_basis_base: "65"
          date: 2025-01-04
          external_flow_source: NO_FLOW
          external_inflow_base: "0"
          external_outflow_base: "0"
          fx_rate_to_base: "1"
          investment_market_value: "0"
          investment_market_value_base: "0"
          net_contribution: "1113"
          net_contribution_base: "1113"
          performance_eligible_value_base: "1043"
          total_value: "1043"
          total_value_base: "1043"
          value_status: partialUnpriced
        - basis_status: complete
          book_basis: "1108"
          book_basis_base: "1108"
          cash_balance: "1043"
          cash_balance_base: "1043"
          cost_basis: "65"
          cost_basis_base: "65"
          date: 2025-01-05
          external_flow_source: NO_FLOW
          external_inflow_base: "0"
          external_outflow_base: "0"
          fx_rate_to_base: "1"
          investment_market_value: "0"
          investment_market_value_base: "0"
          net_contribution: "1113"
          net_contribution_base: "1113"
          performance_eligible_value_base: "1043"
          total_value: "1043"
          total_value_base: "1043"
          value_status: partialUnpriced
  diagnostics:
    - "value/acc-t:x: Warning MissingQuote: no quote on or before 2025-01-02 for x; position unpriced"
  portfolio:
    all_time:
      attribution:
        contributions: "1100"
        distributions: "0"
        fees: "0"
        fx_effect: "0"
        income: "0"
        realized_pnl: "8"
        residual: "0"
        taxes: "0"
        unrealized_pnl_change: "-65"
      basis_status: notApplicable
      is_holdings_mode: false
      is_mixed_tracking_mode: true
      method: valueReturn
      period_end: 2025-01-05
      period_start: 2025-01-01
      quality: partial
      returns:
        annualized_irr: ~
        annualized_twr: ~
        annualized_value_return: ~
        irr: ~
        twr: ~
        value_return: "-0.05181818"
      risk:
        drawdown_duration_days: ~
        max_drawdown: ~
        peak_date: ~
        recovery_date: ~
        trough_date: ~
        volatility: ~
      series: []
      summary:
        amount: "-57"
        amount_status: complete
        basis: mixed
        basis_status: notApplicable
        method: valueReturn
        percent: "-0.05181818"
        percent_status: complete
        quality: partial
  portfolio_flows:
    - date: 2025-01-03
      inflow_base: "100"
      outflow_base: "0"
      source: COST_BASIS_FALLBACK
scenario: EDGE-MIX-06
