---
source: crates/portfolio-engine/tests/goldens.rs
assertion_line: 34
---
as_of: 2025-01-06
base_currency: USD
baseline:
  accounts:
    acc-a:
      currency: USD
      disposals:
        - activity_id: out
          asset_id: x
          cost_basis: "1005"
          cost_basis_base: "1005"
          currency: USD
          date: 2025-01-03
          fx_rate_to_base: "1"
          id: "out:buy:0"
          lot_id: buy
          proceeds: "1005"
          proceeds_base: "1005"
          quantity: "10"
          realized_pnl: "0"
          realized_pnl_base: "0"
      flows:
        - date: 2025-01-03
          inflow_base: "0"
          outflow_base: "1005"
          source: REMOVED_LOT_BASIS_FALLBACK
      keyframes:
        - cash:
            USD: "2000"
          cash_total_account_currency: "2000"
          cash_total_base_currency: "2000"
          cost_basis: "0"
          date: 2025-01-01
          net_contribution: "2000"
          net_contribution_base: "2000"
          positions: {}
          source: CALCULATED
        - cash:
            USD: "995"
          cash_total_account_currency: "995"
          cash_total_base_currency: "995"
          cost_basis: "1005"
          date: 2025-01-02
          net_contribution: "2000"
          net_contribution_base: "2000"
          positions:
            x:
              average_cost: "100.5"
              contract_multiplier: "1"
              cost_basis_account: "1005"
              cost_basis_base: "1005"
              currency: USD
              is_alternative: false
              quantity: "10"
              total_cost_basis: "1005"
          source: CALCULATED
        - cash:
            USD: "995"
          cash_total_account_currency: "995"
          cash_total_base_currency: "995"
          cost_basis: "0"
          date: 2025-01-03
          net_contribution: "995"
          net_contribution_base: "995"
          positions:
            x:
              average_cost: "0"
              contract_multiplier: "1"
              cost_basis_account: ~
              cost_basis_base: ~
              currency: USD
              is_alternative: false
              quantity: "0"
              total_cost_basis: "0"
          source: CALCULATED
      lots:
        - asset_id: x
          base_currency: USD
          close_activity_id: out
          close_date: 2025-01-03
          cost_per_unit: "100"
          currency: USD
          fee_allocated: "5"
          fee_allocated_base: "5"
          fx_rate_to_account: ~
          fx_rate_to_base: "1"
          id: buy
          is_closed: true
          open_activity_id: buy
          open_date: 2025-01-02
          original_cost_basis: "1005"
          original_cost_basis_base: "1005"
          original_quantity: "10"
          remaining_cost_basis: "0"
          remaining_cost_basis_base: "0"
          remaining_quantity: "0"
          split_ratio: "1"
          tax_allocated: "0"
          tax_allocated_base: "0"
      performance:
        all_time:
          attribution:
            contributions: "2000"
            distributions: "1005"
            fees: "5"
            fx_effect: "0"
            income: "0"
            realized_pnl: "0"
            residual: "0"
            taxes: "0"
            unrealized_pnl_change: "0"
          basis_status: notApplicable
          is_holdings_mode: false
          is_mixed_tracking_mode: false
          method: timeWeighted
          period_end: 2025-01-06
          period_start: 2025-01-01
          quality: partial
          returns:
            annualized_irr: "0"
            annualized_twr: ~
            annualized_value_return: ~
            irr: "0"
            twr: "0"
            value_return: "0"
          risk:
            drawdown_duration_days: 2
            max_drawdown: "-0.5025"
            peak_date: 2025-01-01
            recovery_date: 2025-01-03
            trough_date: 2025-01-02
            volatility: "9.43484793"
          series:
            - date: 2025-01-01
              value: "0"
            - date: 2025-01-02
              value: "-0.5025"
            - date: 2025-01-03
              value: "0"
            - date: 2025-01-04
              value: "0"
            - date: 2025-01-05
              value: "0"
            - date: 2025-01-06
              value: "0"
          summary:
            amount: "-5"
            amount_status: complete
            basis: marketValue
            basis_status: notApplicable
            method: timeWeighted
            percent: "0"
            percent_status: complete
            quality: partial
      tracking_mode: TRANSACTIONS
      valuations:
        - basis_status: notApplicable
          book_basis: "2000"
          book_basis_base: "2000"
          cash_balance: "2000"
          cash_balance_base: "2000"
          cost_basis: "0"
          cost_basis_base: "0"
          date: 2025-01-01
          external_flow_source: NO_FLOW
          external_inflow_base: "0"
          external_outflow_base: "0"
          fx_rate_to_base: "1"
          investment_market_value: "0"
          investment_market_value_base: "0"
          net_contribution: "2000"
          net_contribution_base: "2000"
          performance_eligible_value_base: "2000"
          total_value: "2000"
          total_value_base: "2000"
          value_status: complete
        - basis_status: complete
          book_basis: "2000"
          book_basis_base: "2000"
          cash_balance: "995"
          cash_balance_base: "995"
          cost_basis: "1005"
          cost_basis_base: "1005"
          date: 2025-01-02
          external_flow_source: NO_FLOW
          external_inflow_base: "0"
          external_outflow_base: "0"
          fx_rate_to_base: "1"
          investment_market_value: "0"
          investment_market_value_base: "0"
          net_contribution: "2000"
          net_contribution_base: "2000"
          performance_eligible_value_base: "995"
          total_value: "995"
          total_value_base: "995"
          value_status: partialUnpriced
        - basis_status: notApplicable
          book_basis: "995"
          book_basis_base: "995"
          cash_balance: "995"
          cash_balance_base: "995"
          cost_basis: "0"
          cost_basis_base: "0"
          date: 2025-01-03
          external_flow_source: REMOVED_LOT_BASIS_FALLBACK
          external_inflow_base: "0"
          external_outflow_base: "1005"
          fx_rate_to_base: "1"
          investment_market_value: "0"
          investment_market_value_base: "0"
          net_contribution: "995"
          net_contribution_base: "995"
          performance_eligible_value_base: "995"
          total_value: "995"
          total_value_base: "995"
          value_status: complete
        - basis_status: notApplicable
          book_basis: "995"
          book_basis_base: "995"
          cash_balance: "995"
          cash_balance_base: "995"
          cost_basis: "0"
          cost_basis_base: "0"
          date: 2025-01-04
          external_flow_source: NO_FLOW
          external_inflow_base: "0"
          external_outflow_base: "0"
          fx_rate_to_base: "1"
          investment_market_value: "0"
          investment_market_value_base: "0"
          net_contribution: "995"
          net_contribution_base: "995"
          performance_eligible_value_base: "995"
          total_value: "995"
          total_value_base: "995"
          value_status: complete
        - basis_status: notApplicable
          book_basis: "995"
          book_basis_base: "995"
          cash_balance: "995"
          cash_balance_base: "995"
          cost_basis: "0"
          cost_basis_base: "0"
          date: 2025-01-05
          external_flow_source: NO_FLOW
          external_inflow_base: "0"
          external_outflow_base: "0"
          fx_rate_to_base: "1"
          investment_market_value: "0"
          investment_market_value_base: "0"
          net_contribution: "995"
          net_contribution_base: "995"
          performance_eligible_value_base: "995"
          total_value: "995"
          total_value_base: "995"
          value_status: complete
        - basis_status: notApplicable
          book_basis: "995"
          book_basis_base: "995"
          cash_balance: "995"
          cash_balance_base: "995"
          cost_basis: "0"
          cost_basis_base: "0"
          date: 2025-01-06
          external_flow_source: NO_FLOW
          external_inflow_base: "0"
          external_outflow_base: "0"
          fx_rate_to_base: "1"
          investment_market_value: "0"
          investment_market_value_base: "0"
          net_contribution: "995"
          net_contribution_base: "995"
          performance_eligible_value_base: "995"
          total_value: "995"
          total_value_base: "995"
          value_status: complete
    acc-b:
      currency: USD
      disposals: []
      flows: []
      keyframes:
        - cash: {}
          cash_total_account_currency: "0"
          cash_total_base_currency: "0"
          cost_basis: "1005"
          date: 2025-01-03
          net_contribution: "1005"
          net_contribution_base: "1005"
          positions:
            x:
              average_cost: "100.5"
              contract_multiplier: "1"
              cost_basis_account: "1005"
              cost_basis_base: "1005"
              currency: USD
              is_alternative: false
              quantity: "10"
              total_cost_basis: "1005"
          source: CALCULATED
      lots:
        - asset_id: x
          base_currency: USD
          close_activity_id: ~
          close_date: ~
          cost_per_unit: "100"
          currency: USD
          fee_allocated: "5"
          fee_allocated_base: "5"
          fx_rate_to_account: "1"
          fx_rate_to_base: "1"
          id: tin
          is_closed: false
          open_activity_id: tin
          open_date: 2025-01-02
          original_cost_basis: "1005"
          original_cost_basis_base: "1005"
          original_quantity: "10"
          remaining_cost_basis: "1005"
          remaining_cost_basis_base: "1005"
          remaining_quantity: "10"
          split_ratio: "1"
          tax_allocated: "0"
          tax_allocated_base: "0"
      performance:
        all_time:
          attribution:
            contributions: "1005"
            distributions: "0"
            fees: "0"
            fx_effect: "0"
            income: "0"
            realized_pnl: "0"
            residual: "0"
            taxes: "0"
            unrealized_pnl_change: "0"
          basis_status: notApplicable
          is_holdings_mode: false
          is_mixed_tracking_mode: false
          method: timeWeighted
          period_end: 2025-01-06
          period_start: 2025-01-03
          quality: partial
          returns:
            annualized_irr: ~
            annualized_twr: ~
            annualized_value_return: ~
            irr: ~
            twr: ~
            value_return: ~
          risk:
            drawdown_duration_days: ~
            max_drawdown: ~
            peak_date: ~
            recovery_date: ~
            trough_date: ~
            volatility: ~
          series:
            - date: 2025-01-03
              value: "0"
            - date: 2025-01-04
              value: "0"
            - date: 2025-01-05
              value: "0"
            - date: 2025-01-06
              value: "0"
          summary:
            amount: ~
            amount_status: unavailable
            basis: marketValue
            basis_status: notApplicable
            method: timeWeighted
            percent: ~
            percent_status: unavailable
            quality: partial
      tracking_mode: TRANSACTIONS
      valuations:
        - basis_status: complete
          book_basis: "1005"
          book_basis_base: "1005"
          cash_balance: "0"
          cash_balance_base: "0"
          cost_basis: "1005"
          cost_basis_base: "1005"
          date: 2025-01-03
          external_flow_source: NO_FLOW
          external_inflow_base: "0"
          external_outflow_base: "0"
          fx_rate_to_base: "1"
          investment_market_value: "0"
          investment_market_value_base: "0"
          net_contribution: "1005"
          net_contribution_base: "1005"
          performance_eligible_value_base: "0"
          total_value: "0"
          total_value_base: "0"
          value_status: unavailable
        - basis_status: complete
          book_basis: "1005"
          book_basis_base: "1005"
          cash_balance: "0"
          cash_balance_base: "0"
          cost_basis: "1005"
          cost_basis_base: "1005"
          date: 2025-01-04
          external_flow_source: NO_FLOW
          external_inflow_base: "0"
          external_outflow_base: "0"
          fx_rate_to_base: "1"
          investment_market_value: "0"
          investment_market_value_base: "0"
          net_contribution: "1005"
          net_contribution_base: "1005"
          performance_eligible_value_base: "0"
          total_value: "0"
          total_value_base: "0"
          value_status: unavailable
        - basis_status: complete
          book_basis: "1005"
          book_basis_base: "1005"
          cash_balance: "0"
          cash_balance_base: "0"
          cost_basis: "1005"
          cost_basis_base: "1005"
          date: 2025-01-05
          external_flow_source: NO_FLOW
          external_inflow_base: "0"
          external_outflow_base: "0"
          fx_rate_to_base: "1"
          investment_market_value: "0"
          investment_market_value_base: "0"
          net_contribution: "1005"
          net_contribution_base: "1005"
          performance_eligible_value_base: "0"
          total_value: "0"
          total_value_base: "0"
          value_status: unavailable
        - basis_status: complete
          book_basis: "1005"
          book_basis_base: "1005"
          cash_balance: "0"
          cash_balance_base: "0"
          cost_basis: "1005"
          cost_basis_base: "1005"
          date: 2025-01-06
          external_flow_source: NO_FLOW
          external_inflow_base: "0"
          external_outflow_base: "0"
          fx_rate_to_base: "1"
          investment_market_value: "0"
          investment_market_value_base: "0"
          net_contribution: "1005"
          net_contribution_base: "1005"
          performance_eligible_value_base: "0"
          total_value: "0"
          total_value_base: "0"
          value_status: unavailable
  diagnostics:
    - "value/acc-a:x: Warning MissingQuote: no quote on or before 2025-01-02 for x; position unpriced"
    - "value/acc-b:x: Warning MissingQuote: no quote on or before 2025-01-03 for x; position unpriced"
  portfolio:
    all_time:
      attribution:
        contributions: "2000"
        distributions: "0"
        fees: "0"
        fx_effect: "0"
        income: "0"
        realized_pnl: "0"
        residual: "0"
        taxes: "0"
        unrealized_pnl_change: "0"
      basis_status: notApplicable
      is_holdings_mode: false
      is_mixed_tracking_mode: false
      method: timeWeighted
      period_end: 2025-01-06
      period_start: 2025-01-01
      quality: partial
      returns:
        annualized_irr: ~
        annualized_twr: ~
        annualized_value_return: ~
        irr: ~
        twr: ~
        value_return: ~
      risk:
        drawdown_duration_days: 1
        max_drawdown: "-0.5025"
        peak_date: 2025-01-01
        recovery_date: ~
        trough_date: 2025-01-02
        volatility: ~
      series:
        - date: 2025-01-01
          value: "0"
        - date: 2025-01-02
          value: "-0.5025"
        - date: 2025-01-03
          value: "-0.5025"
        - date: 2025-01-04
          value: "-0.5025"
        - date: 2025-01-05
          value: "-0.5025"
        - date: 2025-01-06
          value: "-0.5025"
      summary:
        amount: ~
        amount_status: unavailable
        basis: marketValue
        basis_status: notApplicable
        method: timeWeighted
        percent: ~
        percent_status: unavailable
        quality: partial
  portfolio_flows:
    - date: 2025-01-03
      inflow_base: "0"
      outflow_base: "0"
      source: REMOVED_LOT_BASIS_FALLBACK
scenario: EDGE-TXF-11
