---
source: crates/portfolio-engine/tests/goldens.rs
---
as_of: 2025-01-13
base_currency: CAD
baseline:
  accounts:
    acc-1:
      currency: CAD
      disposals:
        - activity_id: roc-may
          asset_id: rst
          cost_basis: "0"
          cost_basis_base: "0"
          currency: CAD
          date: 2025-01-10
          fx_rate_to_base: "1"
          id: "roc-may:buy-1:0"
          lot_id: buy-1
          proceeds: "100"
          proceeds_base: "100"
          quantity: "0"
          realized_pnl: "100"
          realized_pnl_base: "100"
      flows: []
      keyframes:
        - cash:
            CAD: "0"
          cash_total_account_currency: "0"
          cash_total_base_currency: "0"
          cost_basis: "1000"
          date: 2025-01-02
          net_contribution: "1000"
          net_contribution_base: "1000"
          positions:
            rst:
              average_cost: "10"
              contract_multiplier: "1"
              cost_basis_account: "1000"
              cost_basis_base: "1000"
              currency: CAD
              is_alternative: false
              quantity: "100"
              total_cost_basis: "1000"
          source: CALCULATED
        - cash:
            CAD: "200"
          cash_total_account_currency: "200"
          cash_total_base_currency: "200"
          cost_basis: "800"
          date: 2025-01-03
          net_contribution: "1000"
          net_contribution_base: "1000"
          positions:
            rst:
              average_cost: "8"
              contract_multiplier: "1"
              cost_basis_account: "800"
              cost_basis_base: "800"
              currency: CAD
              is_alternative: false
              quantity: "100"
              total_cost_basis: "800"
          source: CALCULATED
        - cash:
            CAD: "400"
          cash_total_account_currency: "400"
          cash_total_base_currency: "400"
          cost_basis: "600"
          date: 2025-01-06
          net_contribution: "1000"
          net_contribution_base: "1000"
          positions:
            rst:
              average_cost: "6"
              contract_multiplier: "1"
              cost_basis_account: "600"
              cost_basis_base: "600"
              currency: CAD
              is_alternative: false
              quantity: "100"
              total_cost_basis: "600"
          source: CALCULATED
        - cash:
            CAD: "600"
          cash_total_account_currency: "600"
          cash_total_base_currency: "600"
          cost_basis: "400"
          date: 2025-01-07
          net_contribution: "1000"
          net_contribution_base: "1000"
          positions:
            rst:
              average_cost: "4"
              contract_multiplier: "1"
              cost_basis_account: "400"
              cost_basis_base: "400"
              currency: CAD
              is_alternative: false
              quantity: "100"
              total_cost_basis: "400"
          source: CALCULATED
        - cash:
            CAD: "800"
          cash_total_account_currency: "800"
          cash_total_base_currency: "800"
          cost_basis: "200"
          date: 2025-01-08
          net_contribution: "1000"
          net_contribution_base: "1000"
          positions:
            rst:
              average_cost: "2"
              contract_multiplier: "1"
              cost_basis_account: "200"
              cost_basis_base: "200"
              currency: CAD
              is_alternative: false
              quantity: "100"
              total_cost_basis: "200"
          source: CALCULATED
        - cash:
            CAD: "1000"
          cash_total_account_currency: "1000"
          cash_total_base_currency: "1000"
          cost_basis: "0"
          date: 2025-01-09
          net_contribution: "1000"
          net_contribution_base: "1000"
          positions:
            rst:
              average_cost: "0"
              contract_multiplier: "1"
              cost_basis_account: "0"
              cost_basis_base: "0"
              currency: CAD
              is_alternative: false
              quantity: "100"
              total_cost_basis: "0"
          source: CALCULATED
        - cash:
            CAD: "1100"
          cash_total_account_currency: "1100"
          cash_total_base_currency: "1100"
          cost_basis: "0"
          date: 2025-01-10
          net_contribution: "1000"
          net_contribution_base: "1000"
          positions:
            rst:
              average_cost: "0"
              contract_multiplier: "1"
              cost_basis_account: "0"
              cost_basis_base: "0"
              currency: CAD
              is_alternative: false
              quantity: "100"
              total_cost_basis: "0"
          source: CALCULATED
      lots:
        - asset_id: rst
          base_currency: CAD
          close_activity_id: ~
          close_date: ~
          cost_per_unit: "10"
          currency: CAD
          fee_allocated: "0"
          fee_allocated_base: "0"
          fx_rate_to_account: "1"
          fx_rate_to_base: "1"
          id: buy-1
          is_closed: false
          open_activity_id: buy-1
          open_date: 2025-01-02
          original_cost_basis: "1000"
          original_cost_basis_base: "1000"
          original_quantity: "100"
          remaining_cost_basis: "0"
          remaining_cost_basis_base: "0"
          remaining_quantity: "100"
          split_ratio: "1"
          tax_allocated: "0"
          tax_allocated_base: "0"
      performance:
        all_time:
          attribution:
            contributions: "1000"
            distributions: "0"
            fees: "0"
            fx_effect: "0"
            income: "0"
            realized_pnl: "100"
            residual: "0"
            taxes: "0"
            unrealized_pnl_change: "100"
          basis_status: notApplicable
          is_holdings_mode: false
          is_mixed_tracking_mode: false
          method: timeWeighted
          period_end: 2025-01-13
          period_start: 2025-01-02
          quality: ok
          returns:
            annualized_irr: "424.77218267"
            annualized_twr: ~
            annualized_value_return: ~
            irr: "0.2"
            twr: "0.2"
            value_return: "0.2"
          risk:
            drawdown_duration_days: 1
            max_drawdown: "0"
            peak_date: 2025-01-02
            recovery_date: ~
            trough_date: 2025-01-03
            volatility: "0.70565467"
          series:
            - date: 2025-01-02
              value: "0"
            - date: 2025-01-03
              value: "0"
            - date: 2025-01-04
              value: "0"
            - date: 2025-01-05
              value: "0"
            - date: 2025-01-06
              value: "0"
            - date: 2025-01-07
              value: "0"
            - date: 2025-01-08
              value: "0"
            - date: 2025-01-09
              value: "0.1"
            - date: 2025-01-10
              value: "0.2"
            - date: 2025-01-11
              value: "0.2"
            - date: 2025-01-12
              value: "0.2"
            - date: 2025-01-13
              value: "0.2"
          summary:
            amount: "200"
            amount_status: complete
            basis: marketValue
            basis_status: notApplicable
            method: timeWeighted
            percent: "0.2"
            percent_status: complete
            quality: ok
      tracking_mode: TRANSACTIONS
      valuations:
        - basis_status: complete
          book_basis: "1000"
          book_basis_base: "1000"
          cash_balance: "0"
          cash_balance_base: "0"
          cost_basis: "1000"
          cost_basis_base: "1000"
          date: 2025-01-02
          external_flow_source: NO_FLOW
          external_inflow_base: "0"
          external_outflow_base: "0"
          fx_rate_to_base: "1"
          investment_market_value: "1000"
          investment_market_value_base: "1000"
          net_contribution: "1000"
          net_contribution_base: "1000"
          performance_eligible_value_base: "1000"
          total_value: "1000"
          total_value_base: "1000"
          value_status: complete
        - basis_status: complete
          book_basis: "1000"
          book_basis_base: "1000"
          cash_balance: "200"
          cash_balance_base: "200"
          cost_basis: "800"
          cost_basis_base: "800"
          date: 2025-01-03
          external_flow_source: NO_FLOW
          external_inflow_base: "0"
          external_outflow_base: "0"
          fx_rate_to_base: "1"
          investment_market_value: "800"
          investment_market_value_base: "800"
          net_contribution: "1000"
          net_contribution_base: "1000"
          performance_eligible_value_base: "1000"
          total_value: "1000"
          total_value_base: "1000"
          value_status: complete
        - basis_status: complete
          book_basis: "1000"
          book_basis_base: "1000"
          cash_balance: "200"
          cash_balance_base: "200"
          cost_basis: "800"
          cost_basis_base: "800"
          date: 2025-01-04
          external_flow_source: NO_FLOW
          external_inflow_base: "0"
          external_outflow_base: "0"
          fx_rate_to_base: "1"
          investment_market_value: "800"
          investment_market_value_base: "800"
          net_contribution: "1000"
          net_contribution_base: "1000"
          performance_eligible_value_base: "1000"
          total_value: "1000"
          total_value_base: "1000"
          value_status: complete
        - basis_status: complete
          book_basis: "1000"
          book_basis_base: "1000"
          cash_balance: "200"
          cash_balance_base: "200"
          cost_basis: "800"
          cost_basis_base: "800"
          date: 2025-01-05
          external_flow_source: NO_FLOW
          external_inflow_base: "0"
          external_outflow_base: "0"
          fx_rate_to_base: "1"
          investment_market_value: "800"
          investment_market_value_base: "800"
          net_contribution: "1000"
          net_contribution_base: "1000"
          performance_eligible_value_base: "1000"
          total_value: "1000"
          total_value_base: "1000"
          value_status: complete
        - basis_status: complete
          book_basis: "1000"
          book_basis_base: "1000"
          cash_balance: "400"
          cash_balance_base: "400"
          cost_basis: "600"
          cost_basis_base: "600"
          date: 2025-01-06
          external_flow_source: NO_FLOW
          external_inflow_base: "0"
          external_outflow_base: "0"
          fx_rate_to_base: "1"
          investment_market_value: "600"
          investment_market_value_base: "600"
          net_contribution: "1000"
          net_contribution_base: "1000"
          performance_eligible_value_base: "1000"
          total_value: "1000"
          total_value_base: "1000"
          value_status: complete
        - basis_status: complete
          book_basis: "1000"
          book_basis_base: "1000"
          cash_balance: "600"
          cash_balance_base: "600"
          cost_basis: "400"
          cost_basis_base: "400"
          date: 2025-01-07
          external_flow_source: NO_FLOW
          external_inflow_base: "0"
          external_outflow_base: "0"
          fx_rate_to_base: "1"
          investment_market_value: "400"
          investment_market_value_base: "400"
          net_contribution: "1000"
          net_contribution_base: "1000"
          performance_eligible_value_base: "1000"
          total_value: "1000"
          total_value_base: "1000"
          value_status: complete
        - basis_status: complete
          book_basis: "1000"
          book_basis_base: "1000"
          cash_balance: "800"
          cash_balance_base: "800"
          cost_basis: "200"
          cost_basis_base: "200"
          date: 2025-01-08
          external_flow_source: NO_FLOW
          external_inflow_base: "0"
          external_outflow_base: "0"
          fx_rate_to_base: "1"
          investment_market_value: "200"
          investment_market_value_base: "200"
          net_contribution: "1000"
          net_contribution_base: "1000"
          performance_eligible_value_base: "1000"
          total_value: "1000"
          total_value_base: "1000"
          value_status: complete
        - basis_status: unknown
          book_basis: "1000"
          book_basis_base: "1000"
          cash_balance: "1000"
          cash_balance_base: "1000"
          cost_basis: "0"
          cost_basis_base: "0"
          date: 2025-01-09
          external_flow_source: NO_FLOW
          external_inflow_base: "0"
          external_outflow_base: "0"
          fx_rate_to_base: "1"
          investment_market_value: "100"
          investment_market_value_base: "100"
          net_contribution: "1000"
          net_contribution_base: "1000"
          performance_eligible_value_base: "1000"
          total_value: "1100"
          total_value_base: "1100"
          value_status: complete
        - basis_status: unknown
          book_basis: "1100"
          book_basis_base: "1100"
          cash_balance: "1100"
          cash_balance_base: "1100"
          cost_basis: "0"
          cost_basis_base: "0"
          date: 2025-01-10
          external_flow_source: NO_FLOW
          external_inflow_base: "0"
          external_outflow_base: "0"
          fx_rate_to_base: "1"
          investment_market_value: "100"
          investment_market_value_base: "100"
          net_contribution: "1000"
          net_contribution_base: "1000"
          performance_eligible_value_base: "1100"
          total_value: "1200"
          total_value_base: "1200"
          value_status: complete
        - basis_status: unknown
          book_basis: "1100"
          book_basis_base: "1100"
          cash_balance: "1100"
          cash_balance_base: "1100"
          cost_basis: "0"
          cost_basis_base: "0"
          date: 2025-01-11
          external_flow_source: NO_FLOW
          external_inflow_base: "0"
          external_outflow_base: "0"
          fx_rate_to_base: "1"
          investment_market_value: "100"
          investment_market_value_base: "100"
          net_contribution: "1000"
          net_contribution_base: "1000"
          performance_eligible_value_base: "1100"
          total_value: "1200"
          total_value_base: "1200"
          value_status: complete
        - basis_status: unknown
          book_basis: "1100"
          book_basis_base: "1100"
          cash_balance: "1100"
          cash_balance_base: "1100"
          cost_basis: "0"
          cost_basis_base: "0"
          date: 2025-01-12
          external_flow_source: NO_FLOW
          external_inflow_base: "0"
          external_outflow_base: "0"
          fx_rate_to_base: "1"
          investment_market_value: "100"
          investment_market_value_base: "100"
          net_contribution: "1000"
          net_contribution_base: "1000"
          performance_eligible_value_base: "1100"
          total_value: "1200"
          total_value_base: "1200"
          value_status: complete
        - basis_status: unknown
          book_basis: "1100"
          book_basis_base: "1100"
          cash_balance: "1100"
          cash_balance_base: "1100"
          cost_basis: "0"
          cost_basis_base: "0"
          date: 2025-01-13
          external_flow_source: NO_FLOW
          external_inflow_base: "0"
          external_outflow_base: "0"
          fx_rate_to_base: "1"
          investment_market_value: "100"
          investment_market_value_base: "100"
          net_contribution: "1000"
          net_contribution_base: "1000"
          performance_eligible_value_base: "1100"
          total_value: "1200"
          total_value_base: "1200"
          value_status: complete
  diagnostics: []
  portfolio:
    all_time:
      attribution:
        contributions: "1000"
        distributions: "0"
        fees: "0"
        fx_effect: "0"
        income: "0"
        realized_pnl: "100"
        residual: "0"
        taxes: "0"
        unrealized_pnl_change: "100"
      basis_status: notApplicable
      is_holdings_mode: false
      is_mixed_tracking_mode: false
      method: timeWeighted
      period_end: 2025-01-13
      period_start: 2025-01-02
      quality: ok
      returns:
        annualized_irr: "424.77218267"
        annualized_twr: ~
        annualized_value_return: ~
        irr: "0.2"
        twr: "0.2"
        value_return: "0.2"
      risk:
        drawdown_duration_days: 1
        max_drawdown: "0"
        peak_date: 2025-01-02
        recovery_date: ~
        trough_date: 2025-01-03
        volatility: "0.70565467"
      series:
        - date: 2025-01-02
          value: "0"
        - date: 2025-01-03
          value: "0"
        - date: 2025-01-04
          value: "0"
        - date: 2025-01-05
          value: "0"
        - date: 2025-01-06
          value: "0"
        - date: 2025-01-07
          value: "0"
        - date: 2025-01-08
          value: "0"
        - date: 2025-01-09
          value: "0.1"
        - date: 2025-01-10
          value: "0.2"
        - date: 2025-01-11
          value: "0.2"
        - date: 2025-01-12
          value: "0.2"
        - date: 2025-01-13
          value: "0.2"
      summary:
        amount: "200"
        amount_status: complete
        basis: marketValue
        basis_status: notApplicable
        method: timeWeighted
        percent: "0.2"
        percent_status: complete
        quality: ok
  portfolio_flows: []
scenario: NOM-ACB-02
