---
source: crates/portfolio-engine/tests/goldens.rs
---
as_of: 2025-01-08
base_currency: CAD
baseline:
  accounts:
    acc-1:
      currency: CAD
      disposals:
        - activity_id: roc-2
          asset_id: fund
          cost_basis: "7"
          cost_basis_base: "7"
          currency: CAD
          date: 2025-01-07
          fx_rate_to_base: "1"
          id: "roc-2:buy-1:0"
          lot_id: buy-1
          proceeds: "10"
          proceeds_base: "10"
          quantity: "0"
          realized_pnl: "3"
          realized_pnl_base: "3"
      flows: []
      keyframes:
        - cash:
            CAD: "99"
          cash_total_account_currency: "99"
          cash_total_base_currency: "99"
          cost_basis: "1"
          date: 2025-01-02
          net_contribution: "100"
          net_contribution_base: "100"
          positions:
            fund:
              average_cost: "1"
              contract_multiplier: "1"
              cost_basis_account: "1"
              cost_basis_base: "1"
              currency: CAD
              is_alternative: false
              quantity: "1"
              total_cost_basis: "1"
          source: CALCULATED
        - cash:
            CAD: "89"
          cash_total_account_currency: "89"
          cash_total_base_currency: "89"
          cost_basis: "11"
          date: 2025-01-03
          net_contribution: "100"
          net_contribution_base: "100"
          positions:
            fund:
              average_cost: "5.5"
              contract_multiplier: "1"
              cost_basis_account: "11"
              cost_basis_base: "11"
              currency: CAD
              is_alternative: false
              quantity: "2"
              total_cost_basis: "11"
          source: CALCULATED
        - cash:
            CAD: "93"
          cash_total_account_currency: "93"
          cash_total_base_currency: "93"
          cost_basis: "7"
          date: 2025-01-06
          net_contribution: "100"
          net_contribution_base: "100"
          positions:
            fund:
              average_cost: "3.5"
              contract_multiplier: "1"
              cost_basis_account: "7"
              cost_basis_base: "7"
              currency: CAD
              is_alternative: false
              quantity: "2"
              total_cost_basis: "7"
          source: CALCULATED
        - cash:
            CAD: "103"
          cash_total_account_currency: "103"
          cash_total_base_currency: "103"
          cost_basis: "0"
          date: 2025-01-07
          net_contribution: "100"
          net_contribution_base: "100"
          positions:
            fund:
              average_cost: "0"
              contract_multiplier: "1"
              cost_basis_account: "0"
              cost_basis_base: "0"
              currency: CAD
              is_alternative: false
              quantity: "2"
              total_cost_basis: "0"
          source: CALCULATED
      lots:
        - asset_id: fund
          base_currency: CAD
          close_activity_id: ~
          close_date: ~
          cost_per_unit: "5.5"
          currency: CAD
          fee_allocated: "0"
          fee_allocated_base: "0"
          fx_rate_to_account: "1"
          fx_rate_to_base: "1"
          id: buy-1
          is_closed: false
          open_activity_id: ~
          open_date: 2025-01-02
          original_cost_basis: "11"
          original_cost_basis_base: "11"
          original_quantity: "2"
          remaining_cost_basis: "0"
          remaining_cost_basis_base: "0"
          remaining_quantity: "2"
          split_ratio: "1"
          tax_allocated: "0"
          tax_allocated_base: "0"
      performance:
        all_time:
          attribution:
            contributions: "100"
            distributions: "0"
            fees: "0"
            fx_effect: "0"
            income: "0"
            realized_pnl: "3"
            residual: "0"
            taxes: "0"
            unrealized_pnl_change: "20"
          basis_status: notApplicable
          is_holdings_mode: false
          is_mixed_tracking_mode: false
          method: timeWeighted
          period_end: 2025-01-08
          period_start: 2025-01-02
          quality: ok
          returns:
            annualized_irr: "297147.56307277"
            annualized_twr: ~
            annualized_value_return: ~
            irr: "0.23"
            twr: "0.23"
            value_return: "0.23"
          risk:
            drawdown_duration_days: 1
            max_drawdown: "0"
            peak_date: 2025-01-02
            recovery_date: ~
            trough_date: 2025-01-03
            volatility: "0.8005625"
          series:
            - date: 2025-01-02
              value: "0"
            - date: 2025-01-03
              value: "0.09"
            - date: 2025-01-04
              value: "0.09"
            - date: 2025-01-05
              value: "0.09"
            - date: 2025-01-06
              value: "0.13"
            - date: 2025-01-07
              value: "0.23"
            - date: 2025-01-08
              value: "0.23"
          summary:
            amount: "23"
            amount_status: complete
            basis: marketValue
            basis_status: notApplicable
            method: timeWeighted
            percent: "0.23"
            percent_status: complete
            quality: ok
      tracking_mode: TRANSACTIONS
      valuations:
        - basis_status: complete
          book_basis: "100"
          book_basis_base: "100"
          cash_balance: "99"
          cash_balance_base: "99"
          cost_basis: "1"
          cost_basis_base: "1"
          date: 2025-01-02
          external_flow_source: NO_FLOW
          external_inflow_base: "0"
          external_outflow_base: "0"
          fx_rate_to_base: "1"
          investment_market_value: "1"
          investment_market_value_base: "1"
          net_contribution: "100"
          net_contribution_base: "100"
          performance_eligible_value_base: "100"
          total_value: "100"
          total_value_base: "100"
          value_status: complete
        - basis_status: complete
          book_basis: "100"
          book_basis_base: "100"
          cash_balance: "89"
          cash_balance_base: "89"
          cost_basis: "11"
          cost_basis_base: "11"
          date: 2025-01-03
          external_flow_source: NO_FLOW
          external_inflow_base: "0"
          external_outflow_base: "0"
          fx_rate_to_base: "1"
          investment_market_value: "20"
          investment_market_value_base: "20"
          net_contribution: "100"
          net_contribution_base: "100"
          performance_eligible_value_base: "109"
          total_value: "109"
          total_value_base: "109"
          value_status: complete
        - basis_status: complete
          book_basis: "100"
          book_basis_base: "100"
          cash_balance: "89"
          cash_balance_base: "89"
          cost_basis: "11"
          cost_basis_base: "11"
          date: 2025-01-04
          external_flow_source: NO_FLOW
          external_inflow_base: "0"
          external_outflow_base: "0"
          fx_rate_to_base: "1"
          investment_market_value: "20"
          investment_market_value_base: "20"
          net_contribution: "100"
          net_contribution_base: "100"
          performance_eligible_value_base: "109"
          total_value: "109"
          total_value_base: "109"
          value_status: complete
        - basis_status: complete
          book_basis: "100"
          book_basis_base: "100"
          cash_balance: "89"
          cash_balance_base: "89"
          cost_basis: "11"
          cost_basis_base: "11"
          date: 2025-01-05
          external_flow_source: NO_FLOW
          external_inflow_base: "0"
          external_outflow_base: "0"
          fx_rate_to_base: "1"
          investment_market_value: "20"
          investment_market_value_base: "20"
          net_contribution: "100"
          net_contribution_base: "100"
          performance_eligible_value_base: "109"
          total_value: "109"
          total_value_base: "109"
          value_status: complete
        - basis_status: complete
          book_basis: "100"
          book_basis_base: "100"
          cash_balance: "93"
          cash_balance_base: "93"
          cost_basis: "7"
          cost_basis_base: "7"
          date: 2025-01-06
          external_flow_source: NO_FLOW
          external_inflow_base: "0"
          external_outflow_base: "0"
          fx_rate_to_base: "1"
          investment_market_value: "20"
          investment_market_value_base: "20"
          net_contribution: "100"
          net_contribution_base: "100"
          performance_eligible_value_base: "113"
          total_value: "113"
          total_value_base: "113"
          value_status: complete
        - basis_status: unknown
          book_basis: "103"
          book_basis_base: "103"
          cash_balance: "103"
          cash_balance_base: "103"
          cost_basis: "0"
          cost_basis_base: "0"
          date: 2025-01-07
          external_flow_source: NO_FLOW
          external_inflow_base: "0"
          external_outflow_base: "0"
          fx_rate_to_base: "1"
          investment_market_value: "20"
          investment_market_value_base: "20"
          net_contribution: "100"
          net_contribution_base: "100"
          performance_eligible_value_base: "103"
          total_value: "123"
          total_value_base: "123"
          value_status: complete
        - basis_status: unknown
          book_basis: "103"
          book_basis_base: "103"
          cash_balance: "103"
          cash_balance_base: "103"
          cost_basis: "0"
          cost_basis_base: "0"
          date: 2025-01-08
          external_flow_source: NO_FLOW
          external_inflow_base: "0"
          external_outflow_base: "0"
          fx_rate_to_base: "1"
          investment_market_value: "20"
          investment_market_value_base: "20"
          net_contribution: "100"
          net_contribution_base: "100"
          performance_eligible_value_base: "103"
          total_value: "123"
          total_value_base: "123"
          value_status: complete
  diagnostics: []
  portfolio:
    all_time:
      attribution:
        contributions: "100"
        distributions: "0"
        fees: "0"
        fx_effect: "0"
        income: "0"
        realized_pnl: "3"
        residual: "0"
        taxes: "0"
        unrealized_pnl_change: "20"
      basis_status: notApplicable
      is_holdings_mode: false
      is_mixed_tracking_mode: false
      method: timeWeighted
      period_end: 2025-01-08
      period_start: 2025-01-02
      quality: ok
      returns:
        annualized_irr: "297147.56307277"
        annualized_twr: ~
        annualized_value_return: ~
        irr: "0.23"
        twr: "0.23"
        value_return: "0.23"
      risk:
        drawdown_duration_days: 1
        max_drawdown: "0"
        peak_date: 2025-01-02
        recovery_date: ~
        trough_date: 2025-01-03
        volatility: "0.8005625"
      series:
        - date: 2025-01-02
          value: "0"
        - date: 2025-01-03
          value: "0.09"
        - date: 2025-01-04
          value: "0.09"
        - date: 2025-01-05
          value: "0.09"
        - date: 2025-01-06
          value: "0.13"
        - date: 2025-01-07
          value: "0.23"
        - date: 2025-01-08
          value: "0.23"
      summary:
        amount: "23"
        amount_status: complete
        basis: marketValue
        basis_status: notApplicable
        method: timeWeighted
        percent: "0.23"
        percent_status: complete
        quality: ok
  portfolio_flows: []
scenario: NOM-ACB-04
